Release 13.3 - xst O.76xd (nt64)
Copyright (c) 1995-2011 Xilinx, Inc.  All rights reserved.
--> Parameter TMPDIR set to xst/projnav.tmp


Total REAL time to Xst completion: 0.00 secs
Total CPU time to Xst completion: 0.12 secs
 
--> Parameter xsthdpdir set to xst


Total REAL time to Xst completion: 0.00 secs
Total CPU time to Xst completion: 0.12 secs
 
--> Reading design: main.prj

TABLE OF CONTENTS
  1) Synthesis Options Summary
  2) HDL Compilation
  3) Design Hierarchy Analysis
  4) HDL Analysis
  5) HDL Synthesis
     5.1) HDL Synthesis Report
  6) Advanced HDL Synthesis
     6.1) Advanced HDL Synthesis Report
  7) Low Level Synthesis
  8) Partition Report
  9) Final Report
	9.1) Device utilization summary
	9.2) Partition Resource Summary
	9.3) TIMING REPORT


=========================================================================
*                      Synthesis Options Summary                        *
=========================================================================
---- Source Parameters
Input File Name                    : "main.prj"
Input Format                       : mixed
Ignore Synthesis Constraint File   : NO

---- Target Parameters
Output File Name                   : "main"
Output Format                      : NGC
Target Device                      : xc5vlx110t-1-ff1136

---- Source Options
Top Module Name                    : main
Automatic FSM Extraction           : YES
FSM Encoding Algorithm             : Auto
Safe Implementation                : No
FSM Style                          : LUT
RAM Extraction                     : Yes
RAM Style                          : Auto
ROM Extraction                     : Yes
Mux Style                          : Auto
Decoder Extraction                 : YES
Priority Encoder Extraction        : Yes
Shift Register Extraction          : YES
Logical Shifter Extraction         : YES
XOR Collapsing                     : YES
ROM Style                          : Auto
Mux Extraction                     : Yes
Resource Sharing                   : YES
Asynchronous To Synchronous        : NO
Use DSP Block                      : Auto
Automatic Register Balancing       : No

---- Target Options
LUT Combining                      : Off
Reduce Control Sets                : Off
Add IO Buffers                     : YES
Global Maximum Fanout              : 100000
Add Generic Clock Buffer(BUFG)     : 32
Register Duplication               : YES
Slice Packing                      : YES
Optimize Instantiated Primitives   : NO
Use Clock Enable                   : Auto
Use Synchronous Set                : Auto
Use Synchronous Reset              : Auto
Pack IO Registers into IOBs        : Auto
Equivalent register Removal        : YES

---- General Options
Optimization Goal                  : Speed
Optimization Effort                : 1
Power Reduction                    : NO
Keep Hierarchy                     : No
Netlist Hierarchy                  : As_Optimized
RTL Output                         : Yes
Global Optimization                : AllClockNets
Read Cores                         : YES
Write Timing Constraints           : NO
Cross Clock Analysis               : NO
Hierarchy Separator                : /
Bus Delimiter                      : <>
Case Specifier                     : Maintain
Slice Utilization Ratio            : 100
BRAM Utilization Ratio             : 100
DSP48 Utilization Ratio            : 100
Verilog 2001                       : YES
Auto BRAM Packing                  : NO
Slice Utilization Ratio Delta      : 5

=========================================================================


=========================================================================
*                          HDL Compilation                              *
=========================================================================
Compiling verilog file "PDL.v" in library work
Compiling verilog file "main.v" in library work
Module <PDL> compiled
Module <main> compiled
No errors in compilation
Analysis of file <"main.prj"> succeeded.
 

=========================================================================
*                     Design Hierarchy Analysis                         *
=========================================================================
Analyzing hierarchy for module <main> in library <work>.

Analyzing hierarchy for module <PDL> in library <work>.


=========================================================================
*                            HDL Analysis                               *
=========================================================================
Analyzing top module <main>.
Module <main> is correct for synthesis.
 
Analyzing module <PDL> in library <work>.
Module <PDL> is correct for synthesis.
 
    Set user-defined property "INIT =  AAAAAAAAAAAAAAAA" for instance <LUT6_inst_0> in unit <PDL>.
    Set user-defined property "INIT =  AAAAAAAAAAAAAAAA" for instance <LUT6_inst_1> in unit <PDL>.
    Set user-defined property "INIT =  AAAAAAAAAAAAAAAA" for instance <LUT6_inst_2> in unit <PDL>.
    Set user-defined property "INIT =  AAAAAAAAAAAAAAAA" for instance <LUT6_inst_3> in unit <PDL>.
    Set user-defined property "INIT =  AAAAAAAAAAAAAAAA" for instance <LUT6_inst_4> in unit <PDL>.
    Set user-defined property "INIT =  AAAAAAAAAAAAAAAA" for instance <LUT6_inst_5> in unit <PDL>.
    Set user-defined property "INIT =  AAAAAAAAAAAAAAAA" for instance <LUT6_inst_6> in unit <PDL>.
    Set user-defined property "INIT =  AAAAAAAAAAAAAAAA" for instance <LUT6_inst_7> in unit <PDL>.
    Set user-defined property "INIT =  AAAAAAAAAAAAAAAA" for instance <LUT6_inst_8> in unit <PDL>.
    Set user-defined property "INIT =  AAAAAAAAAAAAAAAA" for instance <LUT6_inst_9> in unit <PDL>.
    Set user-defined property "INIT =  AAAAAAAAAAAAAAAA" for instance <LUT6_inst_10> in unit <PDL>.
    Set user-defined property "INIT =  AAAAAAAAAAAAAAAA" for instance <LUT6_inst_11> in unit <PDL>.
    Set user-defined property "INIT =  AAAAAAAAAAAAAAAA" for instance <LUT6_inst_12> in unit <PDL>.
    Set user-defined property "INIT =  AAAAAAAAAAAAAAAA" for instance <LUT6_inst_13> in unit <PDL>.
    Set user-defined property "INIT =  AAAAAAAAAAAAAAAA" for instance <LUT6_inst_14> in unit <PDL>.
    Set user-defined property "INIT =  AAAAAAAAAAAAAAAA" for instance <LUT6_inst_15> in unit <PDL>.
    Set user-defined property "INIT =  AAAAAAAAAAAAAAAA" for instance <LUT6_inst_16> in unit <PDL>.
    Set user-defined property "INIT =  AAAAAAAAAAAAAAAA" for instance <LUT6_inst_17> in unit <PDL>.
    Set user-defined property "INIT =  AAAAAAAAAAAAAAAA" for instance <LUT6_inst_18> in unit <PDL>.
    Set user-defined property "INIT =  AAAAAAAAAAAAAAAA" for instance <LUT6_inst_19> in unit <PDL>.
    Set user-defined property "INIT =  AAAAAAAAAAAAAAAA" for instance <LUT6_inst_20> in unit <PDL>.
    Set user-defined property "INIT =  AAAAAAAAAAAAAAAA" for instance <LUT6_inst_21> in unit <PDL>.
    Set user-defined property "INIT =  AAAAAAAAAAAAAAAA" for instance <LUT6_inst_22> in unit <PDL>.
    Set user-defined property "INIT =  AAAAAAAAAAAAAAAA" for instance <LUT6_inst_23> in unit <PDL>.
    Set user-defined property "INIT =  AAAAAAAAAAAAAAAA" for instance <LUT6_inst_24> in unit <PDL>.
    Set user-defined property "KEEP =  TRUE" for signal <Olut>.

=========================================================================
*                           HDL Synthesis                               *
=========================================================================

Performing bidirectional port resolution...

Synthesizing Unit <PDL>.
    Related source file is "PDL.v".
Unit <PDL> synthesized.


Synthesizing Unit <main>.
    Related source file is "main.v".
WARNING:Xst:653 - Signal <C> is used but never assigned. This sourceless signal will be automatically connected to value 00000000000000000000000000000000000000000000000000000000000000000000000000000000000000000000010101010101010101010101010101010.
Unit <main> synthesized.


=========================================================================
HDL Synthesis Report

Found no macro
=========================================================================

=========================================================================
*                       Advanced HDL Synthesis                          *
=========================================================================


=========================================================================
Advanced HDL Synthesis Report

Found no macro
=========================================================================

=========================================================================
*                         Low Level Synthesis                           *
=========================================================================

Optimizing unit <main> ...

Optimizing unit <PDL> ...

Mapping all equations...
Building and optimizing final netlist ...
Found area constraint ratio of 100 (+ 5) on block main, actual ratio is 0.

Final Macro Processing ...

=========================================================================
Final Register Report

Found no macro
=========================================================================

=========================================================================
*                           Partition Report                            *
=========================================================================

Partition Implementation Status
-------------------------------

  No Partitions were found in this design.

-------------------------------

=========================================================================
*                            Final Report                               *
=========================================================================
Final Results
RTL Top Level Output File Name     : main.ngr
Top Level Output File Name         : main
Output Format                      : NGC
Optimization Goal                  : Speed
Keep Hierarchy                     : No

Design Statistics
# IOs                              : 2

Cell Usage :
# BELS                             : 27
#      GND                         : 1
#      LUT6                        : 25
#      VCC                         : 1
# IO Buffers                       : 2
#      IBUF                        : 1
#      OBUF                        : 1
=========================================================================

Device utilization summary:
---------------------------

Selected Device : 5vlx110tff1136-1 


Slice Logic Utilization: 
 Number of Slice LUTs:                   25  out of  69120     0%  
    Number used as Logic:                25  out of  69120     0%  

Slice Logic Distribution: 
 Number of LUT Flip Flop pairs used:     25
   Number with an unused Flip Flop:      25  out of     25   100%  
   Number with an unused LUT:             0  out of     25     0%  
   Number of fully used LUT-FF pairs:     0  out of     25     0%  
   Number of unique control sets:         0

IO Utilization: 
 Number of IOs:                           2
 Number of bonded IOBs:                   2  out of    640     0%  

Specific Feature Utilization:

---------------------------
Partition Resource Summary:
---------------------------

  No Partitions were found in this design.

---------------------------


=========================================================================
TIMING REPORT

NOTE: THESE TIMING NUMBERS ARE ONLY A SYNTHESIS ESTIMATE.
      FOR ACCURATE TIMING INFORMATION PLEASE REFER TO THE TRACE REPORT
      GENERATED AFTER PLACE-and-ROUTE.

Clock Information:
------------------
No clock signals found in this design

Asynchronous Control Signals Information:
----------------------------------------
No asynchronous control signals found in this design

Timing Summary:
---------------
Speed Grade: -1

   Minimum period: No path found
   Minimum input arrival time before clock: No path found
   Maximum output required time after clock: No path found
   Maximum combinational path delay: 32.681ns

Timing Detail:
--------------
All values displayed in nanoseconds (ns)

=========================================================================
Timing constraint: Default path analysis
  Total number of paths / destination ports: 1 / 1
-------------------------------------------------------------------------
Delay:               32.681ns (Levels of Logic = 27)
  Source:            In (PAD)
  Destination:       Out (PAD)

  Data Path: In to Out
                                Gate     Net
    Cell:in->out      fanout   Delay   Delay  Logical Name (Net Name)
    ----------------------------------------  ------------
     IBUF:I->O             1   0.818   1.069  In_IBUF (In_IBUF)
     LUT6:I0->O            1   0.094   1.069  pdl_1/LUT6_inst_0 (pdl_1/Olut<0>)
     LUT6:I0->O            1   0.094   1.069  pdl_1/LUT6_inst_1 (pdl_1/Olut<1>)
     LUT6:I0->O            1   0.094   1.069  pdl_1/LUT6_inst_2 (pdl_1/Olut<2>)
     LUT6:I0->O            1   0.094   1.069  pdl_1/LUT6_inst_3 (pdl_1/Olut<3>)
     LUT6:I0->O            1   0.094   1.069  pdl_1/LUT6_inst_4 (pdl_1/Olut<4>)
     LUT6:I0->O            1   0.094   1.069  pdl_1/LUT6_inst_5 (pdl_1/Olut<5>)
     LUT6:I0->O            1   0.094   1.069  pdl_1/LUT6_inst_6 (pdl_1/Olut<6>)
     LUT6:I0->O            1   0.094   1.069  pdl_1/LUT6_inst_7 (pdl_1/Olut<7>)
     LUT6:I0->O            1   0.094   1.069  pdl_1/LUT6_inst_8 (pdl_1/Olut<8>)
     LUT6:I0->O            1   0.094   1.069  pdl_1/LUT6_inst_9 (pdl_1/Olut<9>)
     LUT6:I0->O            1   0.094   1.069  pdl_1/LUT6_inst_10 (pdl_1/Olut<10>)
     LUT6:I0->O            1   0.094   1.069  pdl_1/LUT6_inst_11 (pdl_1/Olut<11>)
     LUT6:I0->O            1   0.094   1.069  pdl_1/LUT6_inst_12 (pdl_1/Olut<12>)
     LUT6:I0->O            1   0.094   1.069  pdl_1/LUT6_inst_13 (pdl_1/Olut<13>)
     LUT6:I0->O            1   0.094   1.069  pdl_1/LUT6_inst_14 (pdl_1/Olut<14>)
     LUT6:I0->O            1   0.094   1.069  pdl_1/LUT6_inst_15 (pdl_1/Olut<15>)
     LUT6:I0->O            1   0.094   1.069  pdl_1/LUT6_inst_16 (pdl_1/Olut<16>)
     LUT6:I0->O            1   0.094   1.069  pdl_1/LUT6_inst_17 (pdl_1/Olut<17>)
     LUT6:I0->O            1   0.094   1.069  pdl_1/LUT6_inst_18 (pdl_1/Olut<18>)
     LUT6:I0->O            1   0.094   1.069  pdl_1/LUT6_inst_19 (pdl_1/Olut<19>)
     LUT6:I0->O            1   0.094   1.069  pdl_1/LUT6_inst_20 (pdl_1/Olut<20>)
     LUT6:I0->O            1   0.094   1.069  pdl_1/LUT6_inst_21 (pdl_1/Olut<21>)
     LUT6:I0->O            1   0.094   1.069  pdl_1/LUT6_inst_22 (pdl_1/Olut<22>)
     LUT6:I0->O            1   0.094   1.069  pdl_1/LUT6_inst_23 (pdl_1/Olut<23>)
     LUT6:I0->O            1   0.094   0.336  pdl_1/LUT6_inst_24 (Out_OBUF)
     OBUF:I->O                 2.452          Out_OBUF (Out)
    ----------------------------------------
    Total                     32.681ns (5.620ns logic, 27.061ns route)
                                       (17.2% logic, 82.8% route)

=========================================================================


Total REAL time to Xst completion: 13.00 secs
Total CPU time to Xst completion: 13.34 secs
 
--> 

Total memory usage is 291712 kilobytes

Number of errors   :    0 (   0 filtered)
Number of warnings :    1 (   0 filtered)
Number of infos    :    0 (   0 filtered)

