MO pdl_test_bench NULL source/pdl_test_bench.v vlg1E/pdl__test__bench.bin 1389601624
MO pdl_based_switch NULL source/pdl_based_switch.v vlg67/pdl__based__switch.bin 1389601624
MO PDL_PUF NULL source/PDL_PUF.v vlg12/_p_d_l___p_u_f.bin 1389441051
MO mapping NULL source/mapping3.v vlg58/mapping.bin 1389441051
MO pdl_block NULL source/pdl_block.v vlg2A/pdl__block.bin 1389601624
MO pdl_puf NULL source/PDL_PUF.v vlg52/pdl__puf.bin 1389601624
MO pufMapping NULL source/pufMapping.v vlg2B/puf_mapping.bin 1389441051
