#-----------------------------------------------------------
# PlanAhead v13.3 (64-bit)
# Build 147507 by hdbuild on Tue Oct  4 19:13:50 MDT 2011
# Start of session at: Mon Jan 13 02:11:07 2014
# Process ID: 3516
# Log file: E:/Dropbox/Works and collections/Elec/Rice/PDL/planAhead_run_1/planAhead.log
# Journal file: E:/Dropbox/Works and collections/Elec/Rice/PDL/planAhead_run_1/planAhead.jou
#-----------------------------------------------------------
start_gui
source {E:/Dropbox/Works and collections/Elec/Rice/PDL/pa.fromNetlist.tcl}
refresh_design
startgroup
set_property loc SLICE_X5Y149 [get_cells c1<0>1]
set_property bel D6LUT [get_cells c1<0>1]
endgroup
startgroup
set_property loc SLICE_X7Y149 [get_cells c2<0>1]
set_property bel D6LUT [get_cells c2<0>1]
endgroup
startgroup
set_property loc SLICE_X9Y149 [get_cells c1<1>1]
set_property bel D6LUT [get_cells c1<1>1]
endgroup
startgroup
set_property loc SLICE_X11Y149 [get_cells c2<1>1]
set_property bel D6LUT [get_cells c2<1>1]
endgroup
startgroup
set_property loc SLICE_X13Y149 [get_cells c1<2>1]
set_property bel D6LUT [get_cells c1<2>1]
endgroup
startgroup
set_property loc SLICE_X15Y149 [get_cells c2<2>1]
set_property bel D6LUT [get_cells c2<2>1]
endgroup
startgroup
place_cell c2<2>1 SLICE_X15Y149/D5LUT
endgroup
undo
startgroup
set_property loc SLICE_X17Y149 [get_cells c1<3>1]
set_property bel D6LUT [get_cells c1<3>1]
endgroup
startgroup
set_property loc SLICE_X19Y149 [get_cells c2<3>1]
set_property bel D6LUT [get_cells c2<3>1]
endgroup
startgroup
set_property loc SLICE_X21Y149 [get_cells c1<4>1]
set_property bel D6LUT [get_cells c1<4>1]
endgroup
startgroup
set_property loc SLICE_X23Y149 [get_cells c2<4>1]
set_property bel D6LUT [get_cells c2<4>1]
endgroup
startgroup
set_property loc SLICE_X25Y149 [get_cells c1<5>1]
set_property bel D6LUT [get_cells c1<5>1]
endgroup
startgroup
set_property loc SLICE_X27Y149 [get_cells c2<5>1]
set_property bel D6LUT [get_cells c2<5>1]
endgroup
startgroup
place_cell c1<1>1 SLICE_X9Y149/A6LUT
endgroup
undo
startgroup
set_property loc SLICE_X8Y149 [get_cells sig_0]
set_property bel DFF [get_cells sig_0]
endgroup
startgroup
place_cell c1<1>1 SLICE_X9Y149/D5LUT
endgroup
undo
startgroup 
set_property loc "" [get_cells [list  sig_0] -filter {((is_primitive==true && primitive_level!="INTERNAL")  && (loc!=""))}]
set_property bel "" [get_cells [list  sig_0] -filter {((is_primitive==true && primitive_level!="INTERNAL")  && (bel!=""))}]
endgroup
startgroup
set_property loc SLICE_X5Y150 [get_cells sig_0]
set_property bel AFF [get_cells sig_0]
endgroup
startgroup
set_property loc SLICE_X9Y150 [get_cells sig_1]
set_property bel AFF [get_cells sig_1]
endgroup
startgroup
set_property loc SLICE_X13Y150 [get_cells sig_2]
set_property bel AFF [get_cells sig_2]
endgroup
startgroup
set_property loc SLICE_X17Y150 [get_cells sig_3]
set_property bel AFF [get_cells sig_3]
endgroup
startgroup
set_property loc SLICE_X21Y150 [get_cells sig_4]
set_property bel AFF [get_cells sig_4]
endgroup
startgroup
set_property loc SLICE_X25Y150 [get_cells sig_5]
set_property bel AFF [get_cells sig_5]
endgroup
startgroup
set_property loc SLICE_X29Y149 [get_cells c1<6>1]
set_property bel D6LUT [get_cells c1<6>1]
endgroup
startgroup
set_property loc SLICE_X31Y149 [get_cells c2<6>1]
set_property bel D6LUT [get_cells c2<6>1]
endgroup
startgroup
set_property loc SLICE_X35Y149 [get_cells c2<7>1]
set_property bel D6LUT [get_cells c2<7>1]
endgroup
startgroup
set_property loc SLICE_X33Y149 [get_cells c1<7>1]
set_property bel D6LUT [get_cells c1<7>1]
endgroup
startgroup
set_property loc SLICE_X37Y149 [get_cells c1<8>1]
set_property bel D6LUT [get_cells c1<8>1]
endgroup
startgroup
set_property loc SLICE_X39Y149 [get_cells c2<8>1]
set_property bel D6LUT [get_cells c2<8>1]
endgroup
startgroup
set_property loc SLICE_X41Y149 [get_cells c1<9>1]
set_property bel D6LUT [get_cells c1<9>1]
endgroup
startgroup
set_property loc SLICE_X43Y149 [get_cells c2<9>1]
set_property bel D6LUT [get_cells c2<9>1]
endgroup
startgroup
set_property loc SLICE_X45Y149 [get_cells c1<10>1]
set_property bel D6LUT [get_cells c1<10>1]
endgroup
startgroup
set_property loc SLICE_X47Y149 [get_cells c2<10>1]
set_property bel D6LUT [get_cells c2<10>1]
endgroup
startgroup
set_property loc SLICE_X49Y149 [get_cells c1<11>1]
set_property bel D6LUT [get_cells c1<11>1]
endgroup
startgroup
set_property loc SLICE_X51Y149 [get_cells c2<11>1]
set_property bel D6LUT [get_cells c2<11>1]
endgroup
startgroup
set_property loc SLICE_X53Y149 [get_cells c1<12>1]
set_property bel D6LUT [get_cells c1<12>1]
endgroup
startgroup
set_property loc SLICE_X55Y149 [get_cells c2<12>1]
set_property bel D6LUT [get_cells c2<12>1]
endgroup
startgroup
set_property loc SLICE_X57Y149 [get_cells c1<13>1]
set_property bel D6LUT [get_cells c1<13>1]
endgroup
startgroup
set_property loc SLICE_X59Y149 [get_cells c2<13>1]
set_property bel D6LUT [get_cells c2<13>1]
endgroup
startgroup
set_property loc SLICE_X61Y149 [get_cells c1<14>1]
set_property bel D6LUT [get_cells c1<14>1]
endgroup
startgroup
set_property loc SLICE_X63Y149 [get_cells c2<14>1]
set_property bel D6LUT [get_cells c2<14>1]
endgroup
startgroup
set_property loc SLICE_X65Y149 [get_cells c1<15>1]
set_property bel D6LUT [get_cells c1<15>1]
endgroup
startgroup
set_property loc SLICE_X67Y149 [get_cells c2<15>1]
set_property bel D6LUT [get_cells c2<15>1]
endgroup
startgroup
set_property loc SLICE_X65Y150 [get_cells sig_15]
set_property bel AFF [get_cells sig_15]
endgroup
startgroup
set_property loc SLICE_X61Y150 [get_cells sig_14]
set_property bel AFF [get_cells sig_14]
endgroup
startgroup
set_property loc SLICE_X57Y150 [get_cells sig_13]
set_property bel AFF [get_cells sig_13]
endgroup
startgroup
set_property loc SLICE_X53Y150 [get_cells sig_12]
set_property bel AFF [get_cells sig_12]
endgroup
startgroup
set_property loc SLICE_X49Y150 [get_cells sig_11]
set_property bel AFF [get_cells sig_11]
endgroup
startgroup
set_property loc SLICE_X45Y150 [get_cells sig_10]
set_property bel AFF [get_cells sig_10]
endgroup
startgroup
set_property loc SLICE_X41Y150 [get_cells sig_9]
set_property bel AFF [get_cells sig_9]
endgroup
startgroup
set_property loc SLICE_X37Y150 [get_cells sig_8]
set_property bel AFF [get_cells sig_8]
endgroup
startgroup
set_property loc SLICE_X33Y150 [get_cells sig_7]
set_property bel AFF [get_cells sig_7]
endgroup
startgroup
set_property loc SLICE_X29Y150 [get_cells sig_6]
set_property bel AFF [get_cells sig_6]
endgroup
startgroup
set_property loc SLICE_X29Y150 [get_cells signal_inv1_INV_0]
set_property bel A5LUT [get_cells signal_inv1_INV_0]
endgroup
startgroup
place_cell signal_inv1_INV_0 SLICE_X29Y151/B6LUT
endgroup
save_design -force
refresh_design
startgroup
place_cell signal_inv1_INV_0 SLICE_X34Y130/D6LUT
endgroup
undo
save_design
exit
stop_gui
