#-----------------------------------------------------------
# PlanAhead v13.3 (64-bit)
# Build 147507 by hdbuild on Tue Oct  4 19:13:50 MDT 2011
# Start of session at: Sat Nov 09 00:52:56 2013
# Process ID: 4876
# Log file: E:/Dropbox/Works and collections/Elec/Xilinx_learning/PDL/planAhead_run_1/planAhead.log
# Journal file: E:/Dropbox/Works and collections/Elec/Xilinx_learning/PDL/planAhead_run_1/planAhead.jou
#-----------------------------------------------------------
start_gui
source {E:/Dropbox/Works and collections/Elec/Xilinx_learning/PDL/pa.fromNetlist.tcl}
startgroup
set_property loc SLICE_X42Y159 [get_cells pdl_1/LUT6_inst_5]
set_property bel D6LUT [get_cells pdl_1/LUT6_inst_5]
endgroup
startgroup
set_property loc SLICE_X41Y159 [get_cells pdl_1/LUT6_inst_6]
set_property bel D6LUT [get_cells pdl_1/LUT6_inst_6]
endgroup
startgroup
set_property loc SLICE_X40Y159 [get_cells pdl_1/LUT6_inst_7]
set_property bel D6LUT [get_cells pdl_1/LUT6_inst_7]
endgroup
startgroup
set_property loc SLICE_X39Y159 [get_cells pdl_1/LUT6_inst_8]
set_property bel D6LUT [get_cells pdl_1/LUT6_inst_8]
endgroup
startgroup
set_property loc SLICE_X38Y159 [get_cells pdl_1/LUT6_inst_9]
set_property bel D6LUT [get_cells pdl_1/LUT6_inst_9]
endgroup
startgroup
set_property loc SLICE_X37Y159 [get_cells pdl_1/LUT6_inst_10]
set_property bel D6LUT [get_cells pdl_1/LUT6_inst_10]
endgroup
startgroup
set_property loc SLICE_X36Y159 [get_cells pdl_1/LUT6_inst_11]
set_property bel D6LUT [get_cells pdl_1/LUT6_inst_11]
endgroup
startgroup
set_property loc SLICE_X34Y159 [get_cells pdl_1/LUT6_inst_12]
set_property bel D6LUT [get_cells pdl_1/LUT6_inst_12]
endgroup
startgroup
place_cell pdl_1/LUT6_inst_12 SLICE_X35Y159/D6LUT
endgroup
startgroup
set_property loc SLICE_X34Y159 [get_cells pdl_1/LUT6_inst_13]
set_property bel D6LUT [get_cells pdl_1/LUT6_inst_13]
endgroup
startgroup
set_property loc SLICE_X33Y159 [get_cells pdl_1/LUT6_inst_14]
set_property bel D6LUT [get_cells pdl_1/LUT6_inst_14]
endgroup
startgroup
set_property loc SLICE_X32Y159 [get_cells pdl_1/LUT6_inst_15]
set_property bel D6LUT [get_cells pdl_1/LUT6_inst_15]
endgroup
startgroup
set_property loc SLICE_X32Y159 [get_cells pdl_1/LUT6_inst_16]
set_property bel A6LUT [get_cells pdl_1/LUT6_inst_16]
endgroup
startgroup
set_property loc SLICE_X33Y159 [get_cells pdl_1/LUT6_inst_17]
set_property bel A6LUT [get_cells pdl_1/LUT6_inst_17]
endgroup
startgroup
set_property loc SLICE_X34Y159 [get_cells pdl_1/LUT6_inst_18]
set_property bel A6LUT [get_cells pdl_1/LUT6_inst_18]
endgroup
startgroup
set_property loc SLICE_X35Y159 [get_cells pdl_1/LUT6_inst_19]
set_property bel A6LUT [get_cells pdl_1/LUT6_inst_19]
endgroup
startgroup
set_property loc SLICE_X36Y159 [get_cells pdl_1/LUT6_inst_20]
set_property bel A6LUT [get_cells pdl_1/LUT6_inst_20]
endgroup
startgroup
set_property loc SLICE_X37Y159 [get_cells pdl_1/LUT6_inst_21]
set_property bel A6LUT [get_cells pdl_1/LUT6_inst_21]
endgroup
startgroup
set_property loc SLICE_X38Y159 [get_cells pdl_1/LUT6_inst_22]
set_property bel A6LUT [get_cells pdl_1/LUT6_inst_22]
endgroup
startgroup
set_property loc SLICE_X39Y159 [get_cells pdl_1/LUT6_inst_23]
set_property bel A6LUT [get_cells pdl_1/LUT6_inst_23]
endgroup
startgroup
set_property loc SLICE_X40Y159 [get_cells pdl_1/LUT6_inst_24]
set_property bel A6LUT [get_cells pdl_1/LUT6_inst_24]
endgroup
save_design
startgroup
place_cell pdl_1/LUT6_inst_16 SLICE_X32Y158/C6LUT
endgroup
startgroup
place_cell pdl_1/LUT6_inst_16 SLICE_X32Y158/D6LUT
endgroup
startgroup 
set_property loc "" [get_cells [list  pdl_1/LUT6_inst_12 pdl_1/LUT6_inst_0 pdl_1/LUT6_inst_23 pdl_1/LUT6_inst_7 pdl_1/LUT6_inst_1 pdl_1/LUT6_inst_11 pdl_1/LUT6_inst_16 pdl_1/LUT6_inst_22 pdl_1/LUT6_inst_9 pdl_1/LUT6_inst_8 pdl_1/LUT6_inst_18 pdl_1/LUT6_inst_24 pdl_1/LUT6_inst_6 pdl_1/LUT6_inst_15 pdl_1/LUT6_inst_4 pdl_1/LUT6_inst_19 pdl_1/LUT6_inst_5 pdl_1/LUT6_inst_14 pdl_1/LUT6_inst_20 pdl_1/LUT6_inst_21 pdl_1/LUT6_inst_10 pdl_1/LUT6_inst_2 pdl_1/LUT6_inst_17 pdl_1/LUT6_inst_3 pdl_1/LUT6_inst_13] -filter {((is_primitive==true && primitive_level!="INTERNAL")  && (loc!=""))}]
set_property bel "" [get_cells [list  pdl_1/LUT6_inst_12 pdl_1/LUT6_inst_0 pdl_1/LUT6_inst_23 pdl_1/LUT6_inst_7 pdl_1/LUT6_inst_1 pdl_1/LUT6_inst_11 pdl_1/LUT6_inst_16 pdl_1/LUT6_inst_22 pdl_1/LUT6_inst_9 pdl_1/LUT6_inst_8 pdl_1/LUT6_inst_18 pdl_1/LUT6_inst_24 pdl_1/LUT6_inst_6 pdl_1/LUT6_inst_15 pdl_1/LUT6_inst_4 pdl_1/LUT6_inst_19 pdl_1/LUT6_inst_5 pdl_1/LUT6_inst_14 pdl_1/LUT6_inst_20 pdl_1/LUT6_inst_21 pdl_1/LUT6_inst_10 pdl_1/LUT6_inst_2 pdl_1/LUT6_inst_17 pdl_1/LUT6_inst_3 pdl_1/LUT6_inst_13] -filter {((is_primitive==true && primitive_level!="INTERNAL")  && (bel!=""))}]
endgroup
startgroup
set_property loc SLICE_X46Y159 [get_cells pdl_1/LUT6_inst_0]
set_property bel D6LUT [get_cells pdl_1/LUT6_inst_0]
endgroup
startgroup
set_property loc SLICE_X44Y159 [get_cells pdl_1/LUT6_inst_1]
set_property bel D6LUT [get_cells pdl_1/LUT6_inst_1]
endgroup
startgroup
place_cell pdl_1/LUT6_inst_0 SLICE_X47Y159/D6LUT
endgroup
startgroup
place_cell pdl_1/LUT6_inst_1 SLICE_X45Y159/D6LUT
endgroup
startgroup
set_property loc SLICE_X42Y159 [get_cells pdl_1/LUT6_inst_2]
set_property bel D6LUT [get_cells pdl_1/LUT6_inst_2]
endgroup
startgroup
set_property loc SLICE_X40Y159 [get_cells pdl_1/LUT6_inst_3]
set_property bel D6LUT [get_cells pdl_1/LUT6_inst_3]
endgroup
startgroup
place_cell pdl_1/LUT6_inst_2 SLICE_X43Y159/D6LUT
endgroup
startgroup
place_cell pdl_1/LUT6_inst_3 SLICE_X41Y159/D6LUT
endgroup
startgroup
set_property loc SLICE_X39Y159 [get_cells pdl_1/LUT6_inst_4]
set_property bel D6LUT [get_cells pdl_1/LUT6_inst_4]
endgroup
startgroup
set_property loc SLICE_X37Y159 [get_cells pdl_1/LUT6_inst_5]
set_property bel D6LUT [get_cells pdl_1/LUT6_inst_5]
endgroup
startgroup
set_property loc SLICE_X35Y159 [get_cells pdl_1/LUT6_inst_6]
set_property bel D6LUT [get_cells pdl_1/LUT6_inst_6]
endgroup
startgroup
set_property loc SLICE_X33Y159 [get_cells pdl_1/LUT6_inst_7]
set_property bel D6LUT [get_cells pdl_1/LUT6_inst_7]
endgroup
startgroup
set_property loc SLICE_X33Y158 [get_cells pdl_1/LUT6_inst_8]
set_property bel D6LUT [get_cells pdl_1/LUT6_inst_8]
endgroup
startgroup
set_property loc SLICE_X35Y158 [get_cells pdl_1/LUT6_inst_9]
set_property bel D6LUT [get_cells pdl_1/LUT6_inst_9]
endgroup
startgroup
set_property loc SLICE_X37Y158 [get_cells pdl_1/LUT6_inst_10]
set_property bel D6LUT [get_cells pdl_1/LUT6_inst_10]
endgroup
startgroup
set_property loc SLICE_X39Y158 [get_cells pdl_1/LUT6_inst_11]
set_property bel D6LUT [get_cells pdl_1/LUT6_inst_11]
endgroup
startgroup
set_property loc SLICE_X41Y158 [get_cells pdl_1/LUT6_inst_12]
set_property bel D6LUT [get_cells pdl_1/LUT6_inst_12]
endgroup
startgroup
set_property loc SLICE_X43Y158 [get_cells pdl_1/LUT6_inst_13]
set_property bel D6LUT [get_cells pdl_1/LUT6_inst_13]
endgroup
startgroup
set_property loc SLICE_X45Y158 [get_cells pdl_1/LUT6_inst_14]
set_property bel D6LUT [get_cells pdl_1/LUT6_inst_14]
endgroup
startgroup
set_property loc SLICE_X47Y158 [get_cells pdl_1/LUT6_inst_15]
set_property bel D6LUT [get_cells pdl_1/LUT6_inst_15]
endgroup
startgroup
set_property loc SLICE_X47Y157 [get_cells pdl_1/LUT6_inst_16]
set_property bel D6LUT [get_cells pdl_1/LUT6_inst_16]
endgroup
startgroup
set_property loc SLICE_X45Y157 [get_cells pdl_1/LUT6_inst_17]
set_property bel D6LUT [get_cells pdl_1/LUT6_inst_17]
endgroup
startgroup
set_property loc SLICE_X43Y157 [get_cells pdl_1/LUT6_inst_18]
set_property bel D6LUT [get_cells pdl_1/LUT6_inst_18]
endgroup
startgroup
set_property loc SLICE_X41Y157 [get_cells pdl_1/LUT6_inst_19]
set_property bel D6LUT [get_cells pdl_1/LUT6_inst_19]
endgroup
startgroup
set_property loc SLICE_X39Y157 [get_cells pdl_1/LUT6_inst_20]
set_property bel D6LUT [get_cells pdl_1/LUT6_inst_20]
endgroup
startgroup
set_property loc SLICE_X37Y157 [get_cells pdl_1/LUT6_inst_21]
set_property bel D6LUT [get_cells pdl_1/LUT6_inst_21]
endgroup
startgroup
set_property loc SLICE_X35Y157 [get_cells pdl_1/LUT6_inst_22]
set_property bel D6LUT [get_cells pdl_1/LUT6_inst_22]
endgroup
startgroup
set_property loc SLICE_X33Y157 [get_cells pdl_1/LUT6_inst_23]
set_property bel D6LUT [get_cells pdl_1/LUT6_inst_23]
endgroup
startgroup
set_property loc SLICE_X33Y156 [get_cells pdl_1/LUT6_inst_24]
set_property bel D6LUT [get_cells pdl_1/LUT6_inst_24]
endgroup
startgroup
set_property loc IOB_X1Y313 [get_ports Out]
endgroup
save_design
